
**** Build of configuration Debug for project peripheral_practica03_prog ****

make all 
Building file: ../src/peripheral_practica03_prog.c
Invoking: MicroBlaze gcc compiler
mb-gcc -Wall -O0 -g3 -c -fmessage-length=0 -Wl,--no-relax -I../../peripheral_practica03_prog_bsp_0/microblaze_0/include -mxl-pattern-compare -mcpu=v8.30.a -mno-xl-soft-mul -MMD -MP -MF"src/peripheral_practica03_prog.d" -MT"src/peripheral_practica03_prog.d" -o"src/peripheral_practica03_prog.o" "../src/peripheral_practica03_prog.c"
../src/peripheral_practica03_prog.c: In function 'main':
../src/peripheral_practica03_prog.c:27:2: warning: implicit declaration of function 'print' [-Wimplicit-function-declaration]
../src/peripheral_practica03_prog.c:34:2: warning: implicit declaration of function 'xil_printf' [-Wimplicit-function-declaration]
../src/peripheral_practica03_prog.c: In function 'periphal_practica03_prog_SelfTest':
../src/peripheral_practica03_prog.c:78:10: warning: unused variable 'Reg16Value' [-Wunused-variable]
../src/peripheral_practica03_prog.c:77:9: warning: unused variable 'Reg8Value' [-Wunused-variable]
../src/peripheral_practica03_prog.c:75:6: warning: unused variable 'Index' [-Wunused-variable]
../src/peripheral_practica03_prog.c: In function 'getNumber':
../src/peripheral_practica03_prog.c:151:4: warning: implicit declaration of function 'XUartLite_RecvByte' [-Wimplicit-function-declaration]
../src/peripheral_practica03_prog.c:153:4: warning: implicit declaration of function 'XUartLite_SendByte' [-Wimplicit-function-declaration]
Finished building: ../src/peripheral_practica03_prog.c
' '
Building target: peripheral_practica03_prog.elf
Invoking: MicroBlaze gcc linker
mb-gcc -Wl,--no-relax -Wl,-T -Wl,../src/lscript.ld -L../../peripheral_practica03_prog_bsp_0/microblaze_0/lib -mxl-pattern-compare -mcpu=v8.30.a -mno-xl-soft-mul -o"peripheral_practica03_prog.elf"  ./src/peripheral_practica03_prog.o   -Wl,--start-group,-lxil,-lgcc,-lc,--end-group
Finished building target: peripheral_practica03_prog.elf
' '
Invoking: MicroBlaze Print Size
mb-size peripheral_practica03_prog.elf  |tee "peripheral_practica03_prog.elf.size"
   text	   data	    bss	    dec	    hex	filename
   7654	    296	   2088	  10038	   2736	peripheral_practica03_prog.elf
Finished building: peripheral_practica03_prog.elf.size
' '
Invoking: Xilinx ELF Check
elfcheck peripheral_practica03_prog.elf -hw ../../practica03_hw_platform/system.xml -pe microblaze_0  |tee "peripheral_practica03_prog.elf.elfcheck"
elfcheck
Xilinx EDK 14.1 Build EDK_P.15xf
Copyright (c) 1995-2012 Xilinx, Inc.  All rights reserved.

Command Line: elfcheck -hw ../../practica03_hw_platform/system.xml -pe
microblaze_0 peripheral_practica03_prog.elf 

ELF file	: peripheral_practica03_prog.elf
elfcheck passed.
Finished building: peripheral_practica03_prog.elf.elfcheck
' '
