
**** Build of configuration Debug for project practica04_tests_0 ****

make all 
Building file: ../src/pantalla.c
Invoking: MicroBlaze gcc compiler
mb-gcc -Wall -O0 -g3 -c -fmessage-length=0 -Wl,--no-relax -I../../practica04_tests_bsp_0/microblaze_0/include -mxl-pattern-compare -mcpu=v8.30.a -mno-xl-soft-mul -MMD -MP -MF"src/pantalla.d" -MT"src/pantalla.d" -o"src/pantalla.o" "../src/pantalla.c"
../src/pantalla.c: In function 'main':
../src/pantalla.c:32:2: warning: implicit declaration of function 'print' [-Wimplicit-function-declaration]
../src/pantalla.c: In function 'getNumber':
../src/pantalla.c:107:4: warning: implicit declaration of function 'XUartLite_RecvByte' [-Wimplicit-function-declaration]
../src/pantalla.c:109:4: warning: implicit declaration of function 'XUartLite_SendByte' [-Wimplicit-function-declaration]
Finished building: ../src/pantalla.c
' '
Building file: ../src/pantalla_selftest.c
Invoking: MicroBlaze gcc compiler
mb-gcc -Wall -O0 -g3 -c -fmessage-length=0 -Wl,--no-relax -I../../practica04_tests_bsp_0/microblaze_0/include -mxl-pattern-compare -mcpu=v8.30.a -mno-xl-soft-mul -MMD -MP -MF"src/pantalla_selftest.d" -MT"src/pantalla_selftest.d" -o"src/pantalla_selftest.o" "../src/pantalla_selftest.c"
../src/pantalla_selftest.c: In function 'PANTALLA_SelfTest':
../src/pantalla_selftest.c:57:3: warning: implicit declaration of function 'xil_printf' [-Wimplicit-function-declaration]
../src/pantalla_selftest.c:46:11: warning: unused variable 'Reg32Value' [-Wunused-variable]
../src/pantalla_selftest.c:45:11: warning: unused variable 'Reg16Value' [-Wunused-variable]
../src/pantalla_selftest.c:44:11: warning: unused variable 'Reg8Value' [-Wunused-variable]
../src/pantalla_selftest.c:43:11: warning: variable 'baseaddr' set but not used [-Wunused-but-set-variable]
../src/pantalla_selftest.c:42:11: warning: unused variable 'Index' [-Wunused-variable]
Finished building: ../src/pantalla_selftest.c
' '
Building target: practica04_tests_0.elf
Invoking: MicroBlaze gcc linker
mb-gcc -Wl,--no-relax -Wl,-T -Wl,../src/lscript.ld -L../../practica04_tests_bsp_0/microblaze_0/lib -mxl-pattern-compare -mcpu=v8.30.a -mno-xl-soft-mul -o"practica04_tests_0.elf"  ./src/pantalla.o ./src/pantalla_selftest.o   -Wl,--start-group,-lxil,-lgcc,-lc,--end-group
Finished building target: practica04_tests_0.elf
' '
Invoking: MicroBlaze Print Size
mb-size practica04_tests_0.elf  |tee "practica04_tests_0.elf.size"
   text	   data	    bss	    dec	    hex	filename
   6654	    296	   2088	   9038	   234e	practica04_tests_0.elf
Finished building: practica04_tests_0.elf.size
' '
Invoking: Xilinx ELF Check
elfcheck practica04_tests_0.elf -hw ../../practica04_hw_platform/system.xml -pe microblaze_0  |tee "practica04_tests_0.elf.elfcheck"
elfcheck
Xilinx EDK 14.1 Build EDK_P.15xf
Copyright (c) 1995-2012 Xilinx, Inc.  All rights reserved.

Command Line: elfcheck -hw ../../practica04_hw_platform/system.xml -pe
microblaze_0 practica04_tests_0.elf 

ELF file	: practica04_tests_0.elf
elfcheck passed.
Finished building: practica04_tests_0.elf.elfcheck
' '
