--------------------------------------------------------------------------------
Release 14.1 Trace  (nt64)
Copyright (c) 1995-2012 Xilinx, Inc.  All rights reserved.

C:\Xilinx\14.1\ISE_DS\ISE\bin\nt64\unwrapped\trce.exe -e 3 -xml practica2.twx
practica2.ncd practica2.pcf

Design file:              practica2.ncd
Physical constraint file: practica2.pcf
Device,package,speed:     xc3s1000,ft256,-5 (PRODUCTION 1.39 2012-04-23)
Report level:             error report

Environment Variable      Effect 
--------------------      ------ 
NONE                      No environment variables were set
--------------------------------------------------------------------------------

INFO:Timing:2698 - No timing constraints found, doing default enumeration.
INFO:Timing:3412 - To improve timing, see the Timing Closure User Guide (UG612).
INFO:Timing:2752 - To get complete path coverage, use the unconstrained paths 
   option. All paths that are not constrained will be reported in the 
   unconstrained paths section(s) of the report.
INFO:Timing:3339 - The clock-to-out numbers in this timing report are based on 
   a 50 Ohm transmission line loading model.  For the details of this model, 
   and for more information on accounting for different loading conditions, 
   please see the device datasheet.
INFO:Timing:3390 - This architecture does not support a default System Jitter 
   value, please add SYSTEM_JITTER constraint to the UCF to modify the Clock 
   Uncertainty calculation.
INFO:Timing:3389 - This architecture does not support 'Discrete Jitter' and 
   'Phase Error' calculations, these terms will be zero in the Clock 
   Uncertainty calculation.  Please make appropriate modification to 
   SYSTEM_JITTER to account for the unsupported Discrete Jitter and Phase 
   Error.



Data Sheet report:
-----------------
All values displayed in nanoseconds (ns)

Setup/Hold to clock clk
------------+------------+------------+------------------+--------+
            |Max Setup to|Max Hold to |                  | Clock  |
Source      | clk (edge) | clk (edge) |Internal Clock(s) | Phase  |
------------+------------+------------+------------------+--------+
leds<0>     |    1.184(R)|   -0.236(R)|clk_BUFGP         |   0.000|
leds<1>     |    1.221(R)|   -0.244(R)|clk_BUFGP         |   0.000|
leds<2>     |    1.216(R)|   -0.240(R)|clk_BUFGP         |   0.000|
leds<3>     |    1.206(R)|   -0.228(R)|clk_BUFGP         |   0.000|
leds<4>     |    0.833(R)|    0.062(R)|clk_BUFGP         |   0.000|
leds<5>     |    0.855(R)|    0.036(R)|clk_BUFGP         |   0.000|
leds<6>     |    1.129(R)|   -0.183(R)|clk_BUFGP         |   0.000|
leds<7>     |    0.889(R)|   -0.003(R)|clk_BUFGP         |   0.000|
rst         |    3.427(R)|   -0.342(R)|clk_BUFGP         |   0.000|
rx          |    3.342(R)|   -1.221(R)|clk_BUFGP         |   0.000|
------------+------------+------------+------------------+--------+

Clock clk to Pad
------------+------------+------------------+--------+
            | clk (edge) |                  | Clock  |
Destination |   to PAD   |Internal Clock(s) | Phase  |
------------+------------+------------------+--------+
leds<0>     |    8.495(R)|clk_BUFGP         |   0.000|
leds<1>     |    9.093(R)|clk_BUFGP         |   0.000|
leds<2>     |    9.007(R)|clk_BUFGP         |   0.000|
leds<3>     |    8.823(R)|clk_BUFGP         |   0.000|
leds<4>     |    9.078(R)|clk_BUFGP         |   0.000|
leds<5>     |    8.772(R)|clk_BUFGP         |   0.000|
leds<6>     |    8.509(R)|clk_BUFGP         |   0.000|
leds<7>     |    8.533(R)|clk_BUFGP         |   0.000|
tx          |    6.561(R)|clk_BUFGP         |   0.000|
------------+------------+------------------+--------+

Clock to Setup on destination clock clk
---------------+---------+---------+---------+---------+
               | Src:Rise| Src:Fall| Src:Rise| Src:Fall|
Source Clock   |Dest:Rise|Dest:Rise|Dest:Fall|Dest:Fall|
---------------+---------+---------+---------+---------+
clk            |    9.634|         |         |         |
---------------+---------+---------+---------+---------+


Analysis completed Tue Dec 05 11:55:02 2023 
--------------------------------------------------------------------------------

Trace Settings:
-------------------------
Trace Settings 

Peak Memory Usage: 4544 MB



