Release 14.7 - xst P.20131013 (lin64)
Copyright (c) 1995-2013 Xilinx, Inc.  All rights reserved.
--> 
Parameter TMPDIR set to xst/projnav.tmp


Total REAL time to Xst completion: 0.00 secs
Total CPU time to Xst completion: 0.05 secs
 
--> 
Parameter xsthdpdir set to xst


Total REAL time to Xst completion: 0.00 secs
Total CPU time to Xst completion: 0.05 secs
 
--> 
Reading design: practica1.prj

TABLE OF CONTENTS
  1) Synthesis Options Summary
  2) HDL Compilation
  3) Design Hierarchy Analysis
  4) HDL Analysis
  5) HDL Synthesis
     5.1) HDL Synthesis Report
  6) Advanced HDL Synthesis
     6.1) Advanced HDL Synthesis Report
  7) Low Level Synthesis
  8) Partition Report
  9) Final Report
	9.1) Device utilization summary
	9.2) Partition Resource Summary
	9.3) TIMING REPORT


=========================================================================
*                      Synthesis Options Summary                        *
=========================================================================
---- Source Parameters
Input File Name                    : "practica1.prj"
Input Format                       : mixed
Ignore Synthesis Constraint File   : NO

---- Target Parameters
Output File Name                   : "practica1"
Output Format                      : NGC
Target Device                      : xc3s1000-5-ft256

---- Source Options
Top Module Name                    : practica1
Automatic FSM Extraction           : YES
FSM Encoding Algorithm             : Auto
Safe Implementation                : No
FSM Style                          : LUT
RAM Extraction                     : Yes
RAM Style                          : Auto
ROM Extraction                     : Yes
Mux Style                          : Auto
Decoder Extraction                 : YES
Priority Encoder Extraction        : Yes
Shift Register Extraction          : YES
Logical Shifter Extraction         : YES
XOR Collapsing                     : YES
ROM Style                          : Auto
Mux Extraction                     : Yes
Resource Sharing                   : YES
Asynchronous To Synchronous        : NO
Multiplier Style                   : Auto
Automatic Register Balancing       : No

---- Target Options
Add IO Buffers                     : YES
Global Maximum Fanout              : 500
Add Generic Clock Buffer(BUFG)     : 8
Register Duplication               : YES
Slice Packing                      : YES
Optimize Instantiated Primitives   : NO
Use Clock Enable                   : Yes
Use Synchronous Set                : Yes
Use Synchronous Reset              : Yes
Pack IO Registers into IOBs        : Auto
Equivalent register Removal        : YES

---- General Options
Optimization Goal                  : Speed
Optimization Effort                : 1
Keep Hierarchy                     : No
Netlist Hierarchy                  : As_Optimized
RTL Output                         : Yes
Global Optimization                : AllClockNets
Read Cores                         : YES
Write Timing Constraints           : NO
Cross Clock Analysis               : NO
Hierarchy Separator                : /
Bus Delimiter                      : <>
Case Specifier                     : Maintain
Slice Utilization Ratio            : 100
BRAM Utilization Ratio             : 100
Verilog 2001                       : YES
Auto BRAM Packing                  : NO
Slice Utilization Ratio Delta      : 5

=========================================================================


=========================================================================
*                          HDL Compilation                              *
=========================================================================
Compiling vhdl file "/home/ise/ISE/practica01/debouncer.vhd" in Library work.
Architecture debouncerarch of Entity debouncer is up to date.
Compiling vhdl file "/home/ise/ISE/practica01/contadorAscDes_ms.vhd" in Library work.
WARNING:HDLParsers:3530 - Time stamp of file "/home/ise/ISE/practica01/contadorAscDes_ms.vhd" is newer than current system time.
Architecture contadorascdes_ms_arch of Entity contadorascdes_ms is up to date.
Compiling vhdl file "/home/ise/ISE/practica01/practica1.vhd" in Library work.
WARNING:HDLParsers:3530 - Time stamp of file "/home/ise/ISE/practica01/practica1.vhd" is newer than current system time.
Entity <practica1> compiled.
Entity <practica1> (Architecture <behavioral>) compiled.

=========================================================================
*                     Design Hierarchy Analysis                         *
=========================================================================
Analyzing hierarchy for entity <practica1> in library <work> (architecture <behavioral>).

Analyzing hierarchy for entity <debouncer> in library <work> (architecture <debouncerarch>).

Analyzing hierarchy for entity <contadorAscDes_ms> in library <work> (architecture <contadorascdes_ms_arch>).


=========================================================================
*                            HDL Analysis                               *
=========================================================================
Analyzing Entity <practica1> in library <work> (Architecture <behavioral>).
Entity <practica1> analyzed. Unit <practica1> generated.

Analyzing Entity <debouncer> in library <work> (Architecture <debouncerarch>).
Entity <debouncer> analyzed. Unit <debouncer> generated.

Analyzing Entity <contadorAscDes_ms> in library <work> (Architecture <contadorascdes_ms_arch>).
Entity <contadorAscDes_ms> analyzed. Unit <contadorAscDes_ms> generated.


=========================================================================
*                           HDL Synthesis                               *
=========================================================================

Performing bidirectional port resolution...

Synthesizing Unit <debouncer>.
    Related source file is "/home/ise/ISE/practica01/debouncer.vhd".
    Found finite state machine <FSM_0> for signal <state>.
    -----------------------------------------------------------------------
    | States             | 4                                              |
    | Transitions        | 8                                              |
    | Inputs             | 2                                              |
    | Outputs            | 5                                              |
    | Clock              | clk                       (rising_edge)        |
    | Reset              | rst                       (negative)           |
    | Reset type         | asynchronous                                   |
    | Reset State        | 00                                             |
    | Power Up State     | 00                                             |
    | Encoding           | automatic                                      |
    | Implementation     | LUT                                            |
    -----------------------------------------------------------------------
    Found 1-bit register for signal <aux1>.
    Found 22-bit up counter for signal <count>.
    Found 1-bit register for signal <xSync>.
    Summary:
	inferred   1 Finite State Machine(s).
	inferred   1 Counter(s).
	inferred   2 D-type flip-flop(s).
Unit <debouncer> synthesized.


Synthesizing Unit <contadorAscDes_ms>.
    Related source file is "/home/ise/ISE/practica01/contadorAscDes_ms.vhd".
    Found 1-bit register for signal <cuenta_fin>.
    Found 16-bit updown counter for signal <cuenta>.
    Found 20-bit up counter for signal <cuenta_aux>.
    Summary:
	inferred   2 Counter(s).
	inferred   1 D-type flip-flop(s).
Unit <contadorAscDes_ms> synthesized.


Synthesizing Unit <practica1>.
    Related source file is "/home/ise/ISE/practica01/practica1.vhd".
WARNING:Xst:646 - Signal <buttonDeb> is assigned but never used. This unconnected signal will be trimmed during the optimization process.
    Found finite state machine <FSM_1> for signal <ESTADO>.
    -----------------------------------------------------------------------
    | States             | 3                                              |
    | Transitions        | 6                                              |
    | Inputs             | 3                                              |
    | Outputs            | 2                                              |
    | Clock              | clk                       (rising_edge)        |
    | Reset              | rst                       (positive)           |
    | Reset type         | asynchronous                                   |
    | Reset State        | s0                                             |
    | Power Up State     | s0                                             |
    | Encoding           | automatic                                      |
    | Implementation     | LUT                                            |
    -----------------------------------------------------------------------
    Summary:
	inferred   1 Finite State Machine(s).
Unit <practica1> synthesized.


=========================================================================
HDL Synthesis Report

Macro Statistics
# Counters                                             : 3
 16-bit updown counter                                 : 1
 20-bit up counter                                     : 1
 22-bit up counter                                     : 1
# Registers                                            : 3
 1-bit register                                        : 3

=========================================================================

=========================================================================
*                       Advanced HDL Synthesis                          *
=========================================================================

Analyzing FSM <FSM_1> for best encoding.
Optimizing FSM <ESTADO/FSM> on signal <ESTADO[1:2]> with user encoding.
-------------------
 State | Encoding
-------------------
 s0    | 00
 s1    | 01
 s2    | 10
-------------------
Analyzing FSM <FSM_0> for best encoding.
Optimizing FSM <boton/state/FSM> on signal <state[1:2]> with gray encoding.
-------------------
 State | Encoding
-------------------
 00    | 00
 01    | 01
 10    | 11
 11    | 10
-------------------

=========================================================================
Advanced HDL Synthesis Report

Macro Statistics
# FSMs                                                 : 2
# Counters                                             : 3
 16-bit updown counter                                 : 1
 20-bit up counter                                     : 1
 22-bit up counter                                     : 1
# Registers                                            : 3
 Flip-Flops                                            : 3

=========================================================================

=========================================================================
*                         Low Level Synthesis                           *
=========================================================================

Optimizing unit <practica1> ...

Optimizing unit <debouncer> ...

Optimizing unit <contadorAscDes_ms> ...

Mapping all equations...
Building and optimizing final netlist ...
Found area constraint ratio of 100 (+ 5) on block practica1, actual ratio is 0.

Final Macro Processing ...

=========================================================================
Final Register Report

Macro Statistics
# Registers                                            : 65
 Flip-Flops                                            : 65

=========================================================================

=========================================================================
*                           Partition Report                            *
=========================================================================

Partition Implementation Status
-------------------------------

  No Partitions were found in this design.

-------------------------------

=========================================================================
*                            Final Report                               *
=========================================================================
Final Results
RTL Top Level Output File Name     : practica1.ngr
Top Level Output File Name         : practica1
Output Format                      : NGC
Optimization Goal                  : Speed
Keep Hierarchy                     : No

Design Statistics
# IOs                              : 4

Cell Usage :
# BELS                             : 233
#      GND                         : 1
#      INV                         : 4
#      LUT1                        : 19
#      LUT2                        : 38
#      LUT3                        : 4
#      LUT3_L                      : 1
#      LUT4                        : 39
#      LUT4_L                      : 1
#      MUXCY                       : 66
#      MUXF5                       : 1
#      VCC                         : 1
#      XORCY                       : 58
# FlipFlops/Latches                : 65
#      FDC                         : 23
#      FDCE                        : 31
#      FDE                         : 1
#      FDP                         : 2
#      FDPE                        : 8
# Clock Buffers                    : 1
#      BUFGP                       : 1
# IO Buffers                       : 3
#      IBUF                        : 2
#      OBUF                        : 1
=========================================================================

Device utilization summary:
---------------------------

Selected Device : 3s1000ft256-5 

 Number of Slices:                       56  out of   7680     0%  
 Number of Slice Flip Flops:             65  out of  15360     0%  
 Number of 4 input LUTs:                106  out of  15360     0%  
 Number of IOs:                           4
 Number of bonded IOBs:                   4  out of    173     2%  
 Number of GCLKs:                         1  out of      8    12%  

---------------------------
Partition Resource Summary:
---------------------------

  No Partitions were found in this design.

---------------------------


=========================================================================
TIMING REPORT

NOTE: THESE TIMING NUMBERS ARE ONLY A SYNTHESIS ESTIMATE.
      FOR ACCURATE TIMING INFORMATION PLEASE REFER TO THE TRACE REPORT
      GENERATED AFTER PLACE-and-ROUTE.

Clock Information:
------------------
-----------------------------------+------------------------+-------+
Clock Signal                       | Clock buffer(FF name)  | Load  |
-----------------------------------+------------------------+-------+
clk                                | BUFGP                  | 65    |
-----------------------------------+------------------------+-------+

Asynchronous Control Signals Information:
----------------------------------------
-------------------------------------+------------------------+-------+
Control Signal                       | Buffer(FF name)        | Load  |
-------------------------------------+------------------------+-------+
rst                                  | IBUF                   | 38    |
boton/rst_inv(boton/rst_inv1_INV_0:O)| NONE(boton/aux1)       | 26    |
-------------------------------------+------------------------+-------+

Timing Summary:
---------------
Speed Grade: -5

   Minimum period: 6.485ns (Maximum Frequency: 154.204MHz)
   Minimum input arrival time before clock: 4.308ns
   Maximum output required time after clock: 6.314ns
   Maximum combinational path delay: No path found

Timing Detail:
--------------
All values displayed in nanoseconds (ns)

=========================================================================
Timing constraint: Default period analysis for Clock 'clk'
  Clock period: 6.485ns (frequency: 154.204MHz)
  Total number of paths / destination ports: 3075 / 104
-------------------------------------------------------------------------
Delay:               6.485ns (Levels of Logic = 7)
  Source:            contador/cuenta_aux_7 (FF)
  Destination:       contador/cuenta_15 (FF)
  Source Clock:      clk rising
  Destination Clock: clk rising

  Data Path: contador/cuenta_aux_7 to contador/cuenta_15
                                Gate     Net
    Cell:in->out      fanout   Delay   Delay  Logical Name (Net Name)
    ----------------------------------------  ------------
     FDC:C->Q              2   0.626   1.040  contador/cuenta_aux_7 (contador/cuenta_aux_7)
     LUT4:I0->O            1   0.479   0.000  contador/cuenta_aux_cmp_eq0000_wg_lut<0> (contador/cuenta_aux_cmp_eq0000_wg_lut<0>)
     MUXCY:S->O            1   0.435   0.000  contador/cuenta_aux_cmp_eq0000_wg_cy<0> (contador/cuenta_aux_cmp_eq0000_wg_cy<0>)
     MUXCY:CI->O           1   0.056   0.000  contador/cuenta_aux_cmp_eq0000_wg_cy<1> (contador/cuenta_aux_cmp_eq0000_wg_cy<1>)
     MUXCY:CI->O           1   0.056   0.000  contador/cuenta_aux_cmp_eq0000_wg_cy<2> (contador/cuenta_aux_cmp_eq0000_wg_cy<2>)
     MUXCY:CI->O           1   0.056   0.000  contador/cuenta_aux_cmp_eq0000_wg_cy<3> (contador/cuenta_aux_cmp_eq0000_wg_cy<3>)
     MUXCY:CI->O          22   0.265   1.419  contador/cuenta_aux_cmp_eq0000_wg_cy<4> (contador/cuenta_aux_cmp_eq0000)
     LUT3:I2->O           16   0.479   1.051  contador/cuenta_not00011 (contador/cuenta_not0001)
     FDCE:CE                   0.524          contador/cuenta_0
    ----------------------------------------
    Total                      6.485ns (2.974ns logic, 3.511ns route)
                                       (45.9% logic, 54.1% route)

=========================================================================
Timing constraint: Default OFFSET IN BEFORE for Clock 'clk'
  Total number of paths / destination ports: 2 / 2
-------------------------------------------------------------------------
Offset:              4.308ns (Levels of Logic = 2)
  Source:            rst (PAD)
  Destination:       contador/cuenta_fin (FF)
  Destination Clock: clk rising

  Data Path: rst to contador/cuenta_fin
                                Gate     Net
    Cell:in->out      fanout   Delay   Delay  Logical Name (Net Name)
    ----------------------------------------  ------------
     IBUF:I->O            40   0.715   1.909  rst_IBUF (rst_IBUF)
     LUT2:I0->O            1   0.479   0.681  contador/cuenta_fin_and00001 (contador/cuenta_fin_and0000)
     FDE:CE                    0.524          contador/cuenta_fin
    ----------------------------------------
    Total                      4.308ns (1.718ns logic, 2.590ns route)
                                       (39.9% logic, 60.1% route)

=========================================================================
Timing constraint: Default OFFSET OUT AFTER for Clock 'clk'
  Total number of paths / destination ports: 1 / 1
-------------------------------------------------------------------------
Offset:              6.314ns (Levels of Logic = 1)
  Source:            ESTADO_FSM_FFd1 (FF)
  Destination:       led (PAD)
  Source Clock:      clk rising

  Data Path: ESTADO_FSM_FFd1 to led
                                Gate     Net
    Cell:in->out      fanout   Delay   Delay  Logical Name (Net Name)
    ----------------------------------------  ------------
     FDC:C->Q              4   0.626   0.779  ESTADO_FSM_FFd1 (ESTADO_FSM_FFd1)
     OBUF:I->O                 4.909          led_OBUF (led)
    ----------------------------------------
    Total                      6.314ns (5.535ns logic, 0.779ns route)
                                       (87.7% logic, 12.3% route)

=========================================================================


Total REAL time to Xst completion: 5.00 secs
Total CPU time to Xst completion: 4.62 secs
 
--> 


Total memory usage is 611920 kilobytes

Number of errors   :    0 (   0 filtered)
Number of warnings :    3 (   0 filtered)
Number of infos    :    0 (   0 filtered)

