AR debouncer debouncerarch /home/ise/ISE/practica01/debouncer.vhd sub00/vhpl01 1702125776
AR divisor1000hz behavioral /home/ise/ISE/practica01/divisor1000HZ.vhd sub00/vhpl09 1702235320
EN practica1 NULL /home/ise/ISE/practica01/practica1.vhd sub00/vhpl04 1702235323
AR contador32b contador32b_arch /home/ise/ISE/practica01/contador32b.vhd sub00/vhpl07 1702235322
EN divisor1000hz NULL /home/ise/ISE/practica01/divisor1000HZ.vhd sub00/vhpl08 1702235319
AR practica1 behavioral /home/ise/ISE/practica01/practica1.vhd sub00/vhpl05 1702235324
EN debouncer NULL /home/ise/ISE/practica01/debouncer.vhd sub00/vhpl00 1702125775
AR contadorascdes_ms contadorascdes_ms_arch /home/ise/ISE/practica01/contadorAscDes_ms.vhd sub00/vhpl03 1700666369
EN contadorascdes_ms NULL /home/ise/ISE/practica01/contadorAscDes_ms.vhd sub00/vhpl02 1700666368
EN contador32b NULL /home/ise/ISE/practica01/contador32b.vhd sub00/vhpl06 1702235321
