V3 17
FL /home/ise/ISE/practica01/contador32b.vhd 2023/12/09.11:12:35 P.20131013
EN work/contador32b 1702235321 FL /home/ise/ISE/practica01/contador32b.vhd \
      PB ieee/std_logic_1164 1381692176 PB ieee/STD_LOGIC_UNSIGNED 1381692179
AR work/contador32b/contador32b_arch 1702235322 \
      FL /home/ise/ISE/practica01/contador32b.vhd EN work/contador32b 1702235321
FL /home/ise/ISE/practica01/contadorAscDes_ms.vhd 2023/11/04.23:58:48 P.20131013
EN work/contadorAscDes_ms 1700666368 \
      FL /home/ise/ISE/practica01/contadorAscDes_ms.vhd PB ieee/std_logic_1164 1381692176 \
      PB ieee/STD_LOGIC_UNSIGNED 1381692179
AR work/contadorAscDes_ms/contadorAscDes_ms_arch 1700666369 \
      FL /home/ise/ISE/practica01/contadorAscDes_ms.vhd EN work/contadorAscDes_ms 1700666368
FL /home/ise/ISE/practica01/debouncer.vhd 2023/12/09.13:37:02 P.20131013
EN work/debouncer 1702125775 FL /home/ise/ISE/practica01/debouncer.vhd \
      PB ieee/std_logic_1164 1381692176 PB ieee/STD_LOGIC_UNSIGNED 1381692179
AR work/debouncer/debouncerArch 1702125776 \
      FL /home/ise/ISE/practica01/debouncer.vhd EN work/debouncer 1702125775
FL /home/ise/ISE/practica01/divisor1000HZ.vhd 2023/12/09.11:10:24 P.20131013
EN work/divisor1000HZ 1702235319 FL /home/ise/ISE/practica01/divisor1000HZ.vhd \
      PB ieee/std_logic_1164 1381692176 PB ieee/STD_LOGIC_UNSIGNED 1381692179
AR work/divisor1000HZ/Behavioral 1702235320 \
      FL /home/ise/ISE/practica01/divisor1000HZ.vhd EN work/divisor1000HZ 1702235319
FL /home/ise/ISE/practica01/practica1.vhd 2023/12/10.19:08:31 P.20131013
EN work/practica1 1702235323 FL /home/ise/ISE/practica01/practica1.vhd \
      PB ieee/std_logic_1164 1381692176 PB ieee/STD_LOGIC_UNSIGNED 1381692179
AR work/practica1/Behavioral 1702235324 \
      FL /home/ise/ISE/practica01/practica1.vhd EN work/practica1 1702235323 \
      CP divisor1000HZ CP contador32b
