C:\Users\aluqu\Desktop\uni\SE\proyecto\implementation\system.ngc 1706177925
C:/Users/aluqu/Desktop/uni/SE/proyecto/implementation/system_microblaze_0_wrapper.ngc 1706177781
C:/Users/aluqu/Desktop/uni/SE/proyecto/implementation/system_plb_v46_0_wrapper.ngc 1706177781
C:/Users/aluqu/Desktop/uni/SE/proyecto/implementation/system_xps_bram_if_cntlr_0_wrapper.ngc 1706177781
C:/Users/aluqu/Desktop/uni/SE/proyecto/implementation/system_bram_block_0_wrapper.ngc 1706177781
C:/Users/aluqu/Desktop/uni/SE/proyecto/implementation/system_xps_uartlite_0_wrapper.ngc 1706177781
C:/Users/aluqu/Desktop/uni/SE/proyecto/implementation/system_banner_0_wrapper.ngc 1706177798
C:/Users/aluqu/Desktop/uni/SE/proyecto/implementation/system_kbd_ps2_0_wrapper.ngc 1706177806
C:/Users/aluqu/Desktop/uni/SE/proyecto/implementation/system_buzzer_0_wrapper.ngc 1706177781
C:/Users/aluqu/Desktop/uni/SE/proyecto/implementation/system_keypad_0_wrapper.ngc 1706177816
C:/Users/aluqu/Desktop/uni/SE/proyecto/implementation/system_leds_rgb_0_wrapper.ngc 1706177829
OK
