
**** Build of configuration Debug for project vis_teclado ****

make all 
Building file: ../src/helloworld.c
Invoking: MicroBlaze gcc compiler
mb-gcc -Wall -O0 -g3 -c -fmessage-length=0 -Wl,--no-relax -I../../vis_teclado_bsp_0/microblaze_0/include -mxl-pattern-compare -mcpu=v8.30.a -mno-xl-soft-mul -MMD -MP -MF"src/helloworld.d" -MT"src/helloworld.d" -o"src/helloworld.o" "../src/helloworld.c"
Finished building: ../src/helloworld.c
' '
Building file: ../src/platform.c
Invoking: MicroBlaze gcc compiler
mb-gcc -Wall -O0 -g3 -c -fmessage-length=0 -Wl,--no-relax -I../../vis_teclado_bsp_0/microblaze_0/include -mxl-pattern-compare -mcpu=v8.30.a -mno-xl-soft-mul -MMD -MP -MF"src/platform.d" -MT"src/platform.d" -o"src/platform.o" "../src/platform.c"
Finished building: ../src/platform.c
' '
Building target: vis_teclado.elf
Invoking: MicroBlaze gcc linker
mb-gcc -Wl,--no-relax -Wl,-T -Wl,../src/lscript.ld -L../../vis_teclado_bsp_0/microblaze_0/lib -mxl-pattern-compare -mcpu=v8.30.a -mno-xl-soft-mul -o"vis_teclado.elf"  ./src/helloworld.o ./src/platform.o   -Wl,--start-group,-lxil,-lgcc,-lc,--end-group
Finished building target: vis_teclado.elf
' '
Invoking: MicroBlaze Print Size
mb-size vis_teclado.elf  |tee "vis_teclado.elf.size"
   text	   data	    bss	    dec	    hex	filename
   2662	    292	   2088	   5042	   13b2	vis_teclado.elf
Finished building: vis_teclado.elf.size
' '
Invoking: Xilinx ELF Check
elfcheck vis_teclado.elf -hw ../../p2_hw_platform/system.xml -pe microblaze_0  |tee "vis_teclado.elf.elfcheck"
elfcheck
Xilinx EDK 14.1 Build EDK_P.15xf
Copyright (c) 1995-2012 Xilinx, Inc.  All rights reserved.

Command Line: elfcheck -hw ../../p2_hw_platform/system.xml -pe microblaze_0
vis_teclado.elf 

ELF file	: vis_teclado.elf
elfcheck passed.
Finished building: vis_teclado.elf.elfcheck
' '
